<!doctype html><div id="result"><ul><li>table</li><li>tableau</li><li>tableaus</li><li>tableaux</li><li>tablecloth</li><li>tableclothy</li><li>tablecloths</li><li>tableclothwise</li><li>tabled</li><li>tablefellow</li></ul></div>