["table","tableau","tableaus","tableaux","tablecloth","tableclothy","tablecloths","tableclothwise","tabled","tablefellow"]
